<p>This is a <a href="https://spatie.be">link to our website</a></p>
