<h1 id="my-title">My title</h1>
<p>This is a <a href="https://spatie.be">link to our website</a></p>
<pre class="shiki" style="background-color: #fff"><code><span class="line"><span style="color: #005CC5">echo</span><span style="color: #24292E"> </span><span style="color: #032F62">&#39;Hello world&#39;</span><span style="color: #24292E">;</span></span>
<span class="line"></span></code></pre>
