<div ><a href="#title"><h1 id='title'>Title</h1></a>
</div>
