<div ><pre><code class="language-php">echo 'Hello world';
</code></pre>
</div>
