<div extraAttribute="extraValue"><h1 id="title">Title</h1>
</div>
