<a href="#my-title"><h1 id='my-title'>My title</h1></a>
